C51 COMPILER V9.52.0.0   TEST_EPWM                                                         09/06/2023 18:09:45 PAGE 1   


C51 COMPILER V9.52.0.0, COMPILATION OF MODULE TEST_EPWM
OBJECT MODULE PLACED IN .\Objects\Test_Epwm.obj
COMPILER INVOKED BY: C:\Keil\C51\BIN\C51.EXE Code\Hardware\EPWM\Test_Epwm.c OMF2 OPTIMIZE(8,SPEED) BROWSE INCDIR(.\Code\
                    -CMS;.\Code\Lib;.\Code\User;.\Code\Hardware\UART) DEBUG PRINT(.\Listings\Test_Epwm.lst) TABS(2) OBJECT(.\Objects\Test_Epw
                    -m.obj)

line level    source

   1          #include "../User/All_include.h"
   2          
   3          /****************[EPWM 初始化]****************/
   4          void EPWM_Config(void)
   5          {
   6   1          // 设置EPWM运行模式
   7   1          EPWM_ConfigRunMode(EPWM_WFG_COMPLEMENTARY | EPWM_OC_INDEPENDENT | EPWM_OCU_SYMMETRIC | EPWM_COUNT_UP_D
             -OWN);
   8   1          // 设置EPWM运行时钟
   9   1          EPWM_ConfigChannelClk(EPWM0, EPWM_CLK_DIV_32);
  10   1          // 设置EPWM周期
  11   1          EPWM_ConfigChannelPeriod(EPWM0, 0xffff);
  12   1          // 设置EPWM占空比
  13   1          EPWM_ConfigChannelSymDuty(EPWM0, 0x7960);
  14   1          // 设置EPWM的加载方式为自动加载
  15   1          EPWM_EnableAutoLoadMode(EPWM_CH_0_MSK);
  16   1          // 设置EPWM的输出极性
  17   1          EPWM_DisableReverseOutput(EPWM_CH_0_MSK); // 关闭反向输出
  18   1          // 设置EPWM输出
  19   1          EPWM_EnableOutput(EPWM_CH_0_MSK); // 开启输出
  20   1      
  21   1          // 设置EPWM死区
  22   1          EPWM_DisableDeadZone(EPWM0);
  23   1          EPWM_DisableDeadZone(EPWM2);
  24   1          EPWM_DisableDeadZone(EPWM4);
  25   1      
  26   1          // EPWM中断
  27   1          EPWM_EnableZeroInt(EPWM_CH_0_MSK); // 开启EPWM零点中断
  28   1          EPWM_AllIntEnable();               // 开启EPWM总中断
  29   1      
  30   1          // 设置中断优先级
  31   1          IRQ_SET_PRIORITY(IRQ_PWM, IRQ_PRIORITY_HIGH);
  32   1          // 开启总中断
  33   1          IRQ_ALL_ENABLE();
  34   1          // 设置EPWM输出IO复用
  35   1          GPIO_SET_MUX_MODE(P04CFG, GPIO_MUX_PG0);
  36   1          // 开启EPWM
  37   1          EPWM_Start(EPWM_CH_0_MSK);
  38   1      }
  39          /**********************************/
  40          
  41          /****************[外部中端配置]****************/
  42          void EXTINT_Config(void)
  43          {
  44   1          EXTINT_ConfigInt(EXTINT0, EXTINT_TRIG_FALLING);
  45   1          GPIO_ENABLE_UP(P1UP, GPIO_PIN_3);
  46   1          GPIO_SET_PS_MODE(PS_INT0, GPIO_P13);
  47   1          EXTINT_EnableInt(EXTINT0);
  48   1          // 设置中断优先级
  49   1          IRQ_SET_PRIORITY(IRQ_EXINT0, IRQ_PRIORITY_HIGH);
  50   1          // 使能总中断
  51   1          IRQ_ALL_ENABLE();
  52   1      }
C51 COMPILER V9.52.0.0   TEST_EPWM                                                         09/06/2023 18:09:45 PAGE 2   

  53          /**********************************/


MODULE INFORMATION:   STATIC OVERLAYABLE
   CODE SIZE        =    123    ----
   CONSTANT SIZE    =   ----    ----
   XDATA SIZE       =   ----    ----
   PDATA SIZE       =   ----    ----
   DATA SIZE        =   ----    ----
   IDATA SIZE       =   ----    ----
   BIT SIZE         =   ----    ----
   EDATA SIZE       =   ----    ----
   HDATA SIZE       =   ----    ----
   XDATA CONST SIZE =   ----    ----
   FAR CONST SIZE   =   ----    ----
END OF MODULE INFORMATION.


C51 COMPILATION COMPLETE.  0 WARNING(S),  0 ERROR(S)
